src/pages/admin/AdminDashboard.tsx(3391,12): error TS1381: Unexpected token. Did you mean `{'}'}` or `&rbrace;`?
